  正在确定要还原的项目…
  所有项目均是最新的，无法还原。
C:\Users\miaoshiyu\Documents\【citylbm】实验3：数字孪生应用研究\CityLBM\src\Core\FluidX3DInterface.cs(331,68): warning CS8625: 无法将 null 字面量转换为非 null 的引用类型。 [C:\Users\miaoshiyu\Documents\【citylbm】实验3：数字孪生应用研究\CityLBM\CityLBM.csproj]
C:\Users\miaoshiyu\Documents\【citylbm】实验3：数字孪生应用研究\CityLBM\src\Core\FluidX3DInterface.cs(388,58): warning CS8625: 无法将 null 字面量转换为非 null 的引用类型。 [C:\Users\miaoshiyu\Documents\【citylbm】实验3：数字孪生应用研究\CityLBM\CityLBM.csproj]
C:\Users\miaoshiyu\Documents\【citylbm】实验3：数字孪生应用研究\CityLBM\src\Core\FluidX3DInterface.cs(1053,96): warning CS8625: 无法将 null 字面量转换为非 null 的引用类型。 [C:\Users\miaoshiyu\Documents\【citylbm】实验3：数字孪生应用研究\CityLBM\CityLBM.csproj]
C:\Users\miaoshiyu\Documents\【citylbm】实验3：数字孪生应用研究\CityLBM\src\Core\FluidX3DInterface.cs(1149,125): warning CS8625: 无法将 null 字面量转换为非 null 的引用类型。 [C:\Users\miaoshiyu\Documents\【citylbm】实验3：数字孪生应用研究\CityLBM\CityLBM.csproj]
C:\Users\miaoshiyu\Documents\【citylbm】实验3：数字孪生应用研究\CityLBM\src\Core\FluidX3DInterface.cs(1161,96): warning CS8625: 无法将 null 字面量转换为非 null 的引用类型。 [C:\Users\miaoshiyu\Documents\【citylbm】实验3：数字孪生应用研究\CityLBM\CityLBM.csproj]
C:\Users\miaoshiyu\Documents\【citylbm】实验3：数字孪生应用研究\CityLBM\src\Core\FluidX3DInterface.cs(1234,95): warning CS8625: 无法将 null 字面量转换为非 null 的引用类型。 [C:\Users\miaoshiyu\Documents\【citylbm】实验3：数字孪生应用研究\CityLBM\CityLBM.csproj]
C:\Users\miaoshiyu\Documents\【citylbm】实验3：数字孪生应用研究\CityLBM\src\Components\Simulation\RunSimulationComponent.cs(47,16): warning CS8618: 在退出构造函数时，不可为 null 的 字段 "_cts" 必须包含非 null 值。请考虑添加 "required" 修饰符或将该 字段 声明为可为 null。 [C:\Users\miaoshiyu\Documents\【citylbm】实验3：数字孪生应用研究\CityLBM\CityLBM.csproj]
C:\Users\miaoshiyu\Documents\【citylbm】实验3：数字孪生应用研究\CityLBM\src\Components\Simulation\RunSimulationComponent.cs(47,16): warning CS8618: 在退出构造函数时，不可为 null 的 字段 "_asyncResult" 必须包含非 null 值。请考虑添加 "required" 修饰符或将该 字段 声明为可为 null。 [C:\Users\miaoshiyu\Documents\【citylbm】实验3：数字孪生应用研究\CityLBM\CityLBM.csproj]
C:\Users\miaoshiyu\Documents\【citylbm】实验3：数字孪生应用研究\CityLBM\src\Components\Simulation\RunSimulationComponent.cs(47,16): warning CS8618: 在退出构造函数时，不可为 null 的 字段 "_refreshTimer" 必须包含非 null 值。请考虑添加 "required" 修饰符或将该 字段 声明为可为 null。 [C:\Users\miaoshiyu\Documents\【citylbm】实验3：数字孪生应用研究\CityLBM\CityLBM.csproj]
C:\Users\miaoshiyu\Documents\【citylbm】实验3：数字孪生应用研究\CityLBM\src\Core\FluidX3DInterface.cs(2536,23): warning CS8618: 在退出构造函数时，不可为 null 的 属性 "CaseDirectory" 必须包含非 null 值。请考虑添加 "required" 修饰符或将该 属性 声明为可为 null。 [C:\Users\miaoshiyu\Documents\【citylbm】实验3：数字孪生应用研究\CityLBM\CityLBM.csproj]
C:\Users\miaoshiyu\Documents\【citylbm】实验3：数字孪生应用研究\CityLBM\src\Core\FluidX3DInterface.cs(2537,23): warning CS8618: 在退出构造函数时，不可为 null 的 属性 "Instructions" 必须包含非 null 值。请考虑添加 "required" 修饰符或将该 属性 声明为可为 null。 [C:\Users\miaoshiyu\Documents\【citylbm】实验3：数字孪生应用研究\CityLBM\CityLBM.csproj]
C:\Users\miaoshiyu\Documents\【citylbm】实验3：数字孪生应用研究\CityLBM\src\Core\FluidX3DInterface.cs(2538,23): warning CS8618: 在退出构造函数时，不可为 null 的 属性 "ErrorMessage" 必须包含非 null 值。请考虑添加 "required" 修饰符或将该 属性 声明为可为 null。 [C:\Users\miaoshiyu\Documents\【citylbm】实验3：数字孪生应用研究\CityLBM\CityLBM.csproj]
C:\Users\miaoshiyu\Documents\【citylbm】实验3：数字孪生应用研究\CityLBM\src\Core\FluidX3DInterface.cs(2545,23): warning CS8618: 在退出构造函数时，不可为 null 的 属性 "DeployMessage" 必须包含非 null 值。请考虑添加 "required" 修饰符或将该 属性 声明为可为 null。 [C:\Users\miaoshiyu\Documents\【citylbm】实验3：数字孪生应用研究\CityLBM\CityLBM.csproj]
C:\Users\miaoshiyu\Documents\【citylbm】实验3：数字孪生应用研究\CityLBM\src\Core\FluidX3DInterface.cs(2514,23): warning CS8618: 在退出构造函数时，不可为 null 的 属性 "CaseDirectory" 必须包含非 null 值。请考虑添加 "required" 修饰符或将该 属性 声明为可为 null。 [C:\Users\miaoshiyu\Documents\【citylbm】实验3：数字孪生应用研究\CityLBM\CityLBM.csproj]
C:\Users\miaoshiyu\Documents\【citylbm】实验3：数字孪生应用研究\CityLBM\src\Core\FluidX3DInterface.cs(2515,23): warning CS8618: 在退出构造函数时，不可为 null 的 属性 "Message" 必须包含非 null 值。请考虑添加 "required" 修饰符或将该 属性 声明为可为 null。 [C:\Users\miaoshiyu\Documents\【citylbm】实验3：数字孪生应用研究\CityLBM\CityLBM.csproj]
C:\Users\miaoshiyu\Documents\【citylbm】实验3：数字孪生应用研究\CityLBM\src\Core\FluidX3DInterface.cs(2516,23): warning CS8618: 在退出构造函数时，不可为 null 的 属性 "ErrorMessage" 必须包含非 null 值。请考虑添加 "required" 修饰符或将该 属性 声明为可为 null。 [C:\Users\miaoshiyu\Documents\【citylbm】实验3：数字孪生应用研究\CityLBM\CityLBM.csproj]
C:\Users\miaoshiyu\Documents\【citylbm】实验3：数字孪生应用研究\CityLBM\src\Core\GridGenerator.cs(282,29): warning CS8618: 在退出构造函数时，不可为 null 的 属性 "Flags" 必须包含非 null 值。请考虑添加 "required" 修饰符或将该 属性 声明为可为 null。 [C:\Users\miaoshiyu\Documents\【citylbm】实验3：数字孪生应用研究\CityLBM\CityLBM.csproj]
C:\Users\miaoshiyu\Documents\【citylbm】实验3：数字孪生应用研究\CityLBM\src\Core\FluidX3DInterface.cs(2525,23): warning CS8618: 在退出构造函数时，不可为 null 的 属性 "Log" 必须包含非 null 值。请考虑添加 "required" 修饰符或将该 属性 声明为可为 null。 [C:\Users\miaoshiyu\Documents\【citylbm】实验3：数字孪生应用研究\CityLBM\CityLBM.csproj]
C:\Users\miaoshiyu\Documents\【citylbm】实验3：数字孪生应用研究\CityLBM\src\Core\FluidX3DInterface.cs(2526,23): warning CS8618: 在退出构造函数时，不可为 null 的 属性 "ErrorMessage" 必须包含非 null 值。请考虑添加 "required" 修饰符或将该 属性 声明为可为 null。 [C:\Users\miaoshiyu\Documents\【citylbm】实验3：数字孪生应用研究\CityLBM\CityLBM.csproj]
C:\Users\miaoshiyu\Documents\【citylbm】实验3：数字孪生应用研究\CityLBM\src\Core\FluidX3DInterface.cs(2552,23): warning CS8618: 在退出构造函数时，不可为 null 的 属性 "CaseDirectory" 必须包含非 null 值。请考虑添加 "required" 修饰符或将该 属性 声明为可为 null。 [C:\Users\miaoshiyu\Documents\【citylbm】实验3：数字孪生应用研究\CityLBM\CityLBM.csproj]
C:\Users\miaoshiyu\Documents\【citylbm】实验3：数字孪生应用研究\CityLBM\src\Core\FluidX3DInterface.cs(2553,23): warning CS8618: 在退出构造函数时，不可为 null 的 属性 "OutputDirectory" 必须包含非 null 值。请考虑添加 "required" 修饰符或将该 属性 声明为可为 null。 [C:\Users\miaoshiyu\Documents\【citylbm】实验3：数字孪生应用研究\CityLBM\CityLBM.csproj]
C:\Users\miaoshiyu\Documents\【citylbm】实验3：数字孪生应用研究\CityLBM\src\Core\FluidX3DInterface.cs(2555,23): warning CS8618: 在退出构造函数时，不可为 null 的 属性 "ErrorMessage" 必须包含非 null 值。请考虑添加 "required" 修饰符或将该 属性 声明为可为 null。 [C:\Users\miaoshiyu\Documents\【citylbm】实验3：数字孪生应用研究\CityLBM\CityLBM.csproj]
C:\Users\miaoshiyu\Documents\【citylbm】实验3：数字孪生应用研究\CityLBM\src\Core\FluidX3DInterface.cs(2556,23): warning CS8618: 在退出构造函数时，不可为 null 的 属性 "Log" 必须包含非 null 值。请考虑添加 "required" 修饰符或将该 属性 声明为可为 null。 [C:\Users\miaoshiyu\Documents\【citylbm】实验3：数字孪生应用研究\CityLBM\CityLBM.csproj]
C:\Users\miaoshiyu\Documents\【citylbm】实验3：数字孪生应用研究\CityLBM\src\Core\FluidX3DInterface.cs(48,16): warning CS8618: 在退出构造函数时，不可为 null 的 属性 "LastCaseDirectory" 必须包含非 null 值。请考虑添加 "required" 修饰符或将该 属性 声明为可为 null。 [C:\Users\miaoshiyu\Documents\【citylbm】实验3：数字孪生应用研究\CityLBM\CityLBM.csproj]
C:\Users\miaoshiyu\Documents\【citylbm】实验3：数字孪生应用研究\CityLBM\src\Core\FluidX3DInterface.cs(48,16): warning CS8618: 在退出构造函数时，不可为 null 的 属性 "BuildLog" 必须包含非 null 值。请考虑添加 "required" 修饰符或将该 属性 声明为可为 null。 [C:\Users\miaoshiyu\Documents\【citylbm】实验3：数字孪生应用研究\CityLBM\CityLBM.csproj]
C:\Users\miaoshiyu\Documents\【citylbm】实验3：数字孪生应用研究\CityLBM\src\Core\FluidX3DInterface.cs(2565,23): warning CS8618: 在退出构造函数时，不可为 null 的 属性 "FilePath" 必须包含非 null 值。请考虑添加 "required" 修饰符或将该 属性 声明为可为 null。 [C:\Users\miaoshiyu\Documents\【citylbm】实验3：数字孪生应用研究\CityLBM\CityLBM.csproj]
C:\Users\miaoshiyu\Documents\【citylbm】实验3：数字孪生应用研究\CityLBM\src\Core\FluidX3DInterface.cs(2567,30): warning CS8618: 在退出构造函数时，不可为 null 的 属性 "Points" 必须包含非 null 值。请考虑添加 "required" 修饰符或将该 属性 声明为可为 null。 [C:\Users\miaoshiyu\Documents\【citylbm】实验3：数字孪生应用研究\CityLBM\CityLBM.csproj]
C:\Users\miaoshiyu\Documents\【citylbm】实验3：数字孪生应用研究\CityLBM\src\Core\FluidX3DInterface.cs(2568,31): warning CS8618: 在退出构造函数时，不可为 null 的 属性 "Velocities" 必须包含非 null 值。请考虑添加 "required" 修饰符或将该 属性 声明为可为 null。 [C:\Users\miaoshiyu\Documents\【citylbm】实验3：数字孪生应用研究\CityLBM\CityLBM.csproj]
C:\Users\miaoshiyu\Documents\【citylbm】实验3：数字孪生应用研究\CityLBM\src\Components\SceneMgmt\SceneInfoComponent.cs(42,32): warning CS8600: 将 null 文本或可能的 null 值转换为不可为 null 类型。 [C:\Users\miaoshiyu\Documents\【citylbm】实验3：数字孪生应用研究\CityLBM\CityLBM.csproj]
C:\Users\miaoshiyu\Documents\【citylbm】实验3：数字孪生应用研究\CityLBM\src\Components\SceneMgmt\SceneInfoComponent.cs(43,36): warning CS8600: 将 null 文本或可能的 null 值转换为不可为 null 类型。 [C:\Users\miaoshiyu\Documents\【citylbm】实验3：数字孪生应用研究\CityLBM\CityLBM.csproj]
C:\Users\miaoshiyu\Documents\【citylbm】实验3：数字孪生应用研究\CityLBM\src\Components\SceneMgmt\SceneInfoComponent.cs(88,24): warning CS8603: 可能返回 null 引用。 [C:\Users\miaoshiyu\Documents\【citylbm】实验3：数字孪生应用研究\CityLBM\CityLBM.csproj]
C:\Users\miaoshiyu\Documents\【citylbm】实验3：数字孪生应用研究\CityLBM\src\Components\SceneMgmt\CreateSceneComponent.cs(81,24): warning CS8603: 可能返回 null 引用。 [C:\Users\miaoshiyu\Documents\【citylbm】实验3：数字孪生应用研究\CityLBM\CityLBM.csproj]
C:\Users\miaoshiyu\Documents\【citylbm】实验3：数字孪生应用研究\CityLBM\src\Components\Simulation\GridGeneratorComponent.cs(37,32): warning CS8600: 将 null 文本或可能的 null 值转换为不可为 null 类型。 [C:\Users\miaoshiyu\Documents\【citylbm】实验3：数字孪生应用研究\CityLBM\CityLBM.csproj]
C:\Users\miaoshiyu\Documents\【citylbm】实验3：数字孪生应用研究\CityLBM\src\Components\Simulation\GridGeneratorComponent.cs(40,36): warning CS8600: 将 null 文本或可能的 null 值转换为不可为 null 类型。 [C:\Users\miaoshiyu\Documents\【citylbm】实验3：数字孪生应用研究\CityLBM\CityLBM.csproj]
C:\Users\miaoshiyu\Documents\【citylbm】实验3：数字孪生应用研究\CityLBM\src\Components\Simulation\GridGeneratorComponent.cs(72,26): warning CS8603: 可能返回 null 引用。 [C:\Users\miaoshiyu\Documents\【citylbm】实验3：数字孪生应用研究\CityLBM\CityLBM.csproj]
C:\Users\miaoshiyu\Documents\【citylbm】实验3：数字孪生应用研究\CityLBM\src\Core\FluidX3DInterface.cs(2481,23): warning CS8600: 将 null 文本或可能的 null 值转换为不可为 null 类型。 [C:\Users\miaoshiyu\Documents\【citylbm】实验3：数字孪生应用研究\CityLBM\CityLBM.csproj]
C:\Users\miaoshiyu\Documents\【citylbm】实验3：数字孪生应用研究\CityLBM\src\Core\Scene.cs(153,20): warning CS0219: 变量“totalVolume”已被赋值，但从未使用过它的值 [C:\Users\miaoshiyu\Documents\【citylbm】实验3：数字孪生应用研究\CityLBM\CityLBM.csproj]
C:\Users\miaoshiyu\Documents\【citylbm】实验3：数字孪生应用研究\CityLBM\src\Components\SceneMgmt\AddBuildingsComponent.cs(38,32): warning CS8600: 将 null 文本或可能的 null 值转换为不可为 null 类型。 [C:\Users\miaoshiyu\Documents\【citylbm】实验3：数字孪生应用研究\CityLBM\CityLBM.csproj]
C:\Users\miaoshiyu\Documents\【citylbm】实验3：数字孪生应用研究\CityLBM\src\Components\SceneMgmt\AddBuildingsComponent.cs(39,36): warning CS8600: 将 null 文本或可能的 null 值转换为不可为 null 类型。 [C:\Users\miaoshiyu\Documents\【citylbm】实验3：数字孪生应用研究\CityLBM\CityLBM.csproj]
C:\Users\miaoshiyu\Documents\【citylbm】实验3：数字孪生应用研究\CityLBM\src\Components\SceneMgmt\AddBuildingsComponent.cs(53,34): warning CS8600: 将 null 文本或可能的 null 值转换为不可为 null 类型。 [C:\Users\miaoshiyu\Documents\【citylbm】实验3：数字孪生应用研究\CityLBM\CityLBM.csproj]
C:\Users\miaoshiyu\Documents\【citylbm】实验3：数字孪生应用研究\CityLBM\src\Components\SceneMgmt\AddBuildingsComponent.cs(54,39): warning CS8600: 将 null 文本或可能的 null 值转换为不可为 null 类型。 [C:\Users\miaoshiyu\Documents\【citylbm】实验3：数字孪生应用研究\CityLBM\CityLBM.csproj]
C:\Users\miaoshiyu\Documents\【citylbm】实验3：数字孪生应用研究\CityLBM\src\Components\SceneMgmt\AddBuildingsComponent.cs(95,24): warning CS8603: 可能返回 null 引用。 [C:\Users\miaoshiyu\Documents\【citylbm】实验3：数字孪生应用研究\CityLBM\CityLBM.csproj]
C:\Users\miaoshiyu\Documents\【citylbm】实验3：数字孪生应用研究\CityLBM\src\Components\Results\VelocityVisualizationComponent.cs(219,26): warning CS8603: 可能返回 null 引用。 [C:\Users\miaoshiyu\Documents\【citylbm】实验3：数字孪生应用研究\CityLBM\CityLBM.csproj]
C:\Users\miaoshiyu\Documents\【citylbm】实验3：数字孪生应用研究\CityLBM\src\Components\Results\ReadVTKComponent.cs(177,35): warning CS8600: 将 null 文本或可能的 null 值转换为不可为 null 类型。 [C:\Users\miaoshiyu\Documents\【citylbm】实验3：数字孪生应用研究\CityLBM\CityLBM.csproj]
C:\Users\miaoshiyu\Documents\【citylbm】实验3：数字孪生应用研究\CityLBM\src\Components\Results\SimulationStatsComponent.cs(337,43): warning CS8603: 可能返回 null 引用。 [C:\Users\miaoshiyu\Documents\【citylbm】实验3：数字孪生应用研究\CityLBM\CityLBM.csproj]
C:\Users\miaoshiyu\Documents\【citylbm】实验3：数字孪生应用研究\CityLBM\src\Components\Results\ReadVTKComponent.cs(331,32): warning CS8600: 将 null 文本或可能的 null 值转换为不可为 null 类型。 [C:\Users\miaoshiyu\Documents\【citylbm】实验3：数字孪生应用研究\CityLBM\CityLBM.csproj]
C:\Users\miaoshiyu\Documents\【citylbm】实验3：数字孪生应用研究\CityLBM\src\Components\Results\ReadVTKComponent.cs(332,32): warning CS8600: 将 null 文本或可能的 null 值转换为不可为 null 类型。 [C:\Users\miaoshiyu\Documents\【citylbm】实验3：数字孪生应用研究\CityLBM\CityLBM.csproj]
C:\Users\miaoshiyu\Documents\【citylbm】实验3：数字孪生应用研究\CityLBM\src\Components\Simulation\RunSimulationComponent.cs(124,32): warning CS8600: 将 null 文本或可能的 null 值转换为不可为 null 类型。 [C:\Users\miaoshiyu\Documents\【citylbm】实验3：数字孪生应用研究\CityLBM\CityLBM.csproj]
C:\Users\miaoshiyu\Documents\【citylbm】实验3：数字孪生应用研究\CityLBM\src\Components\Simulation\RunSimulationComponent.cs(125,39): warning CS8600: 将 null 文本或可能的 null 值转换为不可为 null 类型。 [C:\Users\miaoshiyu\Documents\【citylbm】实验3：数字孪生应用研究\CityLBM\CityLBM.csproj]
C:\Users\miaoshiyu\Documents\【citylbm】实验3：数字孪生应用研究\CityLBM\src\Components\Simulation\RunSimulationComponent.cs(140,36): warning CS8600: 将 null 文本或可能的 null 值转换为不可为 null 类型。 [C:\Users\miaoshiyu\Documents\【citylbm】实验3：数字孪生应用研究\CityLBM\CityLBM.csproj]
C:\Users\miaoshiyu\Documents\【citylbm】实验3：数字孪生应用研究\CityLBM\src\Components\Simulation\RunSimulationComponent.cs(141,36): warning CS8600: 将 null 文本或可能的 null 值转换为不可为 null 类型。 [C:\Users\miaoshiyu\Documents\【citylbm】实验3：数字孪生应用研究\CityLBM\CityLBM.csproj]
C:\Users\miaoshiyu\Documents\【citylbm】实验3：数字孪生应用研究\CityLBM\src\Components\Results\SliceVisualizationComponent.cs(346,26): warning CS8603: 可能返回 null 引用。 [C:\Users\miaoshiyu\Documents\【citylbm】实验3：数字孪生应用研究\CityLBM\CityLBM.csproj]
C:\Users\miaoshiyu\Documents\【citylbm】实验3：数字孪生应用研究\CityLBM\src\Components\Results\VTKCloudVisualizationComponent.cs(178,35): warning CS8600: 将 null 文本或可能的 null 值转换为不可为 null 类型。 [C:\Users\miaoshiyu\Documents\【citylbm】实验3：数字孪生应用研究\CityLBM\CityLBM.csproj]
C:\Users\miaoshiyu\Documents\【citylbm】实验3：数字孪生应用研究\CityLBM\src\Components\Results\ReadVTKComponent.cs(428,52): warning CS8600: 将 null 文本或可能的 null 值转换为不可为 null 类型。 [C:\Users\miaoshiyu\Documents\【citylbm】实验3：数字孪生应用研究\CityLBM\CityLBM.csproj]
C:\Users\miaoshiyu\Documents\【citylbm】实验3：数字孪生应用研究\CityLBM\src\Components\Results\ReadVTKComponent.cs(433,33): warning CS8600: 将 null 文本或可能的 null 值转换为不可为 null 类型。 [C:\Users\miaoshiyu\Documents\【citylbm】实验3：数字孪生应用研究\CityLBM\CityLBM.csproj]
C:\Users\miaoshiyu\Documents\【citylbm】实验3：数字孪生应用研究\CityLBM\src\Components\Results\ReadVTKComponent.cs(434,33): warning CS8600: 将 null 文本或可能的 null 值转换为不可为 null 类型。 [C:\Users\miaoshiyu\Documents\【citylbm】实验3：数字孪生应用研究\CityLBM\CityLBM.csproj]
C:\Users\miaoshiyu\Documents\【citylbm】实验3：数字孪生应用研究\CityLBM\src\Components\Results\ReadVTKComponent.cs(435,33): warning CS8600: 将 null 文本或可能的 null 值转换为不可为 null 类型。 [C:\Users\miaoshiyu\Documents\【citylbm】实验3：数字孪生应用研究\CityLBM\CityLBM.csproj]
C:\Users\miaoshiyu\Documents\【citylbm】实验3：数字孪生应用研究\CityLBM\src\Components\Results\ReadVTKComponent.cs(477,92): warning CS8602: 解引用可能出现空引用。 [C:\Users\miaoshiyu\Documents\【citylbm】实验3：数字孪生应用研究\CityLBM\CityLBM.csproj]
C:\Users\miaoshiyu\Documents\【citylbm】实验3：数字孪生应用研究\CityLBM\src\Components\Results\ReadVTKComponent.cs(491,92): warning CS8602: 解引用可能出现空引用。 [C:\Users\miaoshiyu\Documents\【citylbm】实验3：数字孪生应用研究\CityLBM\CityLBM.csproj]
C:\Users\miaoshiyu\Documents\【citylbm】实验3：数字孪生应用研究\CityLBM\src\Components\Results\ReadVTKComponent.cs(511,45): warning CS8625: 无法将 null 字面量转换为非 null 的引用类型。 [C:\Users\miaoshiyu\Documents\【citylbm】实验3：数字孪生应用研究\CityLBM\CityLBM.csproj]
C:\Users\miaoshiyu\Documents\【citylbm】实验3：数字孪生应用研究\CityLBM\src\Components\Results\ReadVTKComponent.cs(525,72): warning CS8604: “List<int> ReadVTKComponent.GenerateStructuredPoints(VTKResult result, int[] dims, float[] org, float[] spc, int step)”中的形参“org”可能传入 null 引用实参。 [C:\Users\miaoshiyu\Documents\【citylbm】实验3：数字孪生应用研究\CityLBM\CityLBM.csproj]
C:\Users\miaoshiyu\Documents\【citylbm】实验3：数字孪生应用研究\CityLBM\src\Components\Results\ReadVTKComponent.cs(525,77): warning CS8604: “List<int> ReadVTKComponent.GenerateStructuredPoints(VTKResult result, int[] dims, float[] org, float[] spc, int step)”中的形参“spc”可能传入 null 引用实参。 [C:\Users\miaoshiyu\Documents\【citylbm】实验3：数字孪生应用研究\CityLBM\CityLBM.csproj]
C:\Users\miaoshiyu\Documents\【citylbm】实验3：数字孪生应用研究\CityLBM\src\Components\Results\ReadVTKComponent.cs(590,33): warning CS8602: 解引用可能出现空引用。 [C:\Users\miaoshiyu\Documents\【citylbm】实验3：数字孪生应用研究\CityLBM\CityLBM.csproj]
C:\Users\miaoshiyu\Documents\【citylbm】实验3：数字孪生应用研究\CityLBM\src\Components\Results\ReadVTKComponent.cs(609,33): warning CS8602: 解引用可能出现空引用。 [C:\Users\miaoshiyu\Documents\【citylbm】实验3：数字孪生应用研究\CityLBM\CityLBM.csproj]
C:\Users\miaoshiyu\Documents\【citylbm】实验3：数字孪生应用研究\CityLBM\src\Components\Results\ReadVTKComponent.cs(627,33): warning CS8602: 解引用可能出现空引用。 [C:\Users\miaoshiyu\Documents\【citylbm】实验3：数字孪生应用研究\CityLBM\CityLBM.csproj]
C:\Users\miaoshiyu\Documents\【citylbm】实验3：数字孪生应用研究\CityLBM\src\Components\Results\ReadVTKComponent.cs(640,64): warning CS8604: “List<int> ReadVTKComponent.GenerateStructuredPoints(VTKResult result, int[] dims, float[] org, float[] spc, int step)”中的形参“org”可能传入 null 引用实参。 [C:\Users\miaoshiyu\Documents\【citylbm】实验3：数字孪生应用研究\CityLBM\CityLBM.csproj]
C:\Users\miaoshiyu\Documents\【citylbm】实验3：数字孪生应用研究\CityLBM\src\Components\Results\ReadVTKComponent.cs(640,69): warning CS8604: “List<int> ReadVTKComponent.GenerateStructuredPoints(VTKResult result, int[] dims, float[] org, float[] spc, int step)”中的形参“spc”可能传入 null 引用实参。 [C:\Users\miaoshiyu\Documents\【citylbm】实验3：数字孪生应用研究\CityLBM\CityLBM.csproj]
C:\Users\miaoshiyu\Documents\【citylbm】实验3：数字孪生应用研究\CityLBM\src\Components\Simulation\RunSimulationComponent.cs(436,28): warning CS8625: 无法将 null 字面量转换为非 null 的引用类型。 [C:\Users\miaoshiyu\Documents\【citylbm】实验3：数字孪生应用研究\CityLBM\CityLBM.csproj]
C:\Users\miaoshiyu\Documents\【citylbm】实验3：数字孪生应用研究\CityLBM\src\Components\Simulation\RunSimulationComponent.cs(586,33): warning CS8625: 无法将 null 字面量转换为非 null 的引用类型。 [C:\Users\miaoshiyu\Documents\【citylbm】实验3：数字孪生应用研究\CityLBM\CityLBM.csproj]
C:\Users\miaoshiyu\Documents\【citylbm】实验3：数字孪生应用研究\CityLBM\src\Components\Simulation\RunSimulationComponent.cs(656,43): warning CS8603: 可能返回 null 引用。 [C:\Users\miaoshiyu\Documents\【citylbm】实验3：数字孪生应用研究\CityLBM\CityLBM.csproj]
C:\Users\miaoshiyu\Documents\【citylbm】实验3：数字孪生应用研究\CityLBM\src\Components\Results\ReadVTKComponent.cs(805,40): warning CS8600: 将 null 文本或可能的 null 值转换为不可为 null 类型。 [C:\Users\miaoshiyu\Documents\【citylbm】实验3：数字孪生应用研究\CityLBM\CityLBM.csproj]
C:\Users\miaoshiyu\Documents\【citylbm】实验3：数字孪生应用研究\CityLBM\src\Components\Results\ReadVTKComponent.cs(914,44): warning CS8604: “List<double> Dictionary<string, List<double>>.this[string key]”中的形参“key”可能传入 null 引用实参。 [C:\Users\miaoshiyu\Documents\【citylbm】实验3：数字孪生应用研究\CityLBM\CityLBM.csproj]
C:\Users\miaoshiyu\Documents\【citylbm】实验3：数字孪生应用研究\CityLBM\src\Components\Results\ReadVTKComponent.cs(950,40): warning CS8604: “List<double> Dictionary<string, List<double>>.this[string key]”中的形参“key”可能传入 null 引用实参。 [C:\Users\miaoshiyu\Documents\【citylbm】实验3：数字孪生应用研究\CityLBM\CityLBM.csproj]
C:\Users\miaoshiyu\Documents\【citylbm】实验3：数字孪生应用研究\CityLBM\src\Components\Results\ReadVTKComponent.cs(722,17): warning CS0219: 变量“currentSectionStart”已被赋值，但从未使用过它的值 [C:\Users\miaoshiyu\Documents\【citylbm】实验3：数字孪生应用研究\CityLBM\CityLBM.csproj]
C:\Users\miaoshiyu\Documents\【citylbm】实验3：数字孪生应用研究\CityLBM\src\Components\Results\ReadVTKComponent.cs(1032,24): warning CS8603: 可能返回 null 引用。 [C:\Users\miaoshiyu\Documents\【citylbm】实验3：数字孪生应用研究\CityLBM\CityLBM.csproj]
C:\Users\miaoshiyu\Documents\【citylbm】实验3：数字孪生应用研究\CityLBM\src\Components\Results\ReadVTKComponent.cs(1034,30): warning CS8600: 将 null 文本或可能的 null 值转换为不可为 null 类型。 [C:\Users\miaoshiyu\Documents\【citylbm】实验3：数字孪生应用研究\CityLBM\CityLBM.csproj]
C:\Users\miaoshiyu\Documents\【citylbm】实验3：数字孪生应用研究\CityLBM\src\Components\Results\ReadVTKComponent.cs(1064,20): warning CS8603: 可能返回 null 引用。 [C:\Users\miaoshiyu\Documents\【citylbm】实验3：数字孪生应用研究\CityLBM\CityLBM.csproj]
C:\Users\miaoshiyu\Documents\【citylbm】实验3：数字孪生应用研究\CityLBM\src\Components\Results\ReadVTKComponent.cs(1104,43): warning CS8603: 可能返回 null 引用。 [C:\Users\miaoshiyu\Documents\【citylbm】实验3：数字孪生应用研究\CityLBM\CityLBM.csproj]
C:\Users\miaoshiyu\Documents\【citylbm】实验3：数字孪生应用研究\CityLBM\src\Core\FluidX3DInterface.cs(1152,65): warning CS8604: “BuildResult FluidX3DInterface.BuildWithMinGW(string sourceDir, Action<string> progressCallback = null)”中的形参“progressCallback”可能传入 null 引用实参。 [C:\Users\miaoshiyu\Documents\【citylbm】实验3：数字孪生应用研究\CityLBM\CityLBM.csproj]
C:\Users\miaoshiyu\Documents\【citylbm】实验3：数字孪生应用研究\CityLBM\src\Components\Results\VTKCloudVisualizationComponent.cs(876,30): warning CS8600: 将 null 文本或可能的 null 值转换为不可为 null 类型。 [C:\Users\miaoshiyu\Documents\【citylbm】实验3：数字孪生应用研究\CityLBM\CityLBM.csproj]
C:\Users\miaoshiyu\Documents\【citylbm】实验3：数字孪生应用研究\CityLBM\src\Components\Results\VTKCloudVisualizationComponent.cs(877,31): warning CS8600: 将 null 文本或可能的 null 值转换为不可为 null 类型。 [C:\Users\miaoshiyu\Documents\【citylbm】实验3：数字孪生应用研究\CityLBM\CityLBM.csproj]
C:\Users\miaoshiyu\Documents\【citylbm】实验3：数字孪生应用研究\CityLBM\src\Components\Results\VTKCloudVisualizationComponent.cs(878,31): warning CS8600: 将 null 文本或可能的 null 值转换为不可为 null 类型。 [C:\Users\miaoshiyu\Documents\【citylbm】实验3：数字孪生应用研究\CityLBM\CityLBM.csproj]
C:\Users\miaoshiyu\Documents\【citylbm】实验3：数字孪生应用研究\CityLBM\src\Components\Results\VTKCloudVisualizationComponent.cs(914,150): warning CS8602: 解引用可能出现空引用。 [C:\Users\miaoshiyu\Documents\【citylbm】实验3：数字孪生应用研究\CityLBM\CityLBM.csproj]
C:\Users\miaoshiyu\Documents\【citylbm】实验3：数字孪生应用研究\CityLBM\src\Components\Results\VTKCloudVisualizationComponent.cs(925,150): warning CS8602: 解引用可能出现空引用。 [C:\Users\miaoshiyu\Documents\【citylbm】实验3：数字孪生应用研究\CityLBM\CityLBM.csproj]
C:\Users\miaoshiyu\Documents\【citylbm】实验3：数字孪生应用研究\CityLBM\src\Components\Results\VTKCloudVisualizationComponent.cs(946,68): warning CS8604: “List<int> VTKCloudVisualizationComponent.GenerateStructuredPoints(VTKResultData result, int[] dims, float[] org, float[] spc, int step)”中的形参“org”可能传入 null 引用实参。 [C:\Users\miaoshiyu\Documents\【citylbm】实验3：数字孪生应用研究\CityLBM\CityLBM.csproj]
C:\Users\miaoshiyu\Documents\【citylbm】实验3：数字孪生应用研究\CityLBM\src\Components\Results\VTKCloudVisualizationComponent.cs(946,73): warning CS8604: “List<int> VTKCloudVisualizationComponent.GenerateStructuredPoints(VTKResultData result, int[] dims, float[] org, float[] spc, int step)”中的形参“spc”可能传入 null 引用实参。 [C:\Users\miaoshiyu\Documents\【citylbm】实验3：数字孪生应用研究\CityLBM\CityLBM.csproj]
C:\Users\miaoshiyu\Documents\【citylbm】实验3：数字孪生应用研究\CityLBM\src\Components\Results\VTKCloudVisualizationComponent.cs(1017,60): warning CS8604: “List<int> VTKCloudVisualizationComponent.GenerateStructuredPoints(VTKResultData result, int[] dims, float[] org, float[] spc, int step)”中的形参“org”可能传入 null 引用实参。 [C:\Users\miaoshiyu\Documents\【citylbm】实验3：数字孪生应用研究\CityLBM\CityLBM.csproj]
C:\Users\miaoshiyu\Documents\【citylbm】实验3：数字孪生应用研究\CityLBM\src\Components\Results\VTKCloudVisualizationComponent.cs(1017,65): warning CS8604: “List<int> VTKCloudVisualizationComponent.GenerateStructuredPoints(VTKResultData result, int[] dims, float[] org, float[] spc, int step)”中的形参“spc”可能传入 null 引用实参。 [C:\Users\miaoshiyu\Documents\【citylbm】实验3：数字孪生应用研究\CityLBM\CityLBM.csproj]
C:\Users\miaoshiyu\Documents\【citylbm】实验3：数字孪生应用研究\CityLBM\src\Core\FluidX3DInterface.cs(1382,20): warning CS8603: 可能返回 null 引用。 [C:\Users\miaoshiyu\Documents\【citylbm】实验3：数字孪生应用研究\CityLBM\CityLBM.csproj]
C:\Users\miaoshiyu\Documents\【citylbm】实验3：数字孪生应用研究\CityLBM\src\Components\Results\VTKCloudVisualizationComponent.cs(1134,40): warning CS8600: 将 null 文本或可能的 null 值转换为不可为 null 类型。 [C:\Users\miaoshiyu\Documents\【citylbm】实验3：数字孪生应用研究\CityLBM\CityLBM.csproj]
C:\Users\miaoshiyu\Documents\【citylbm】实验3：数字孪生应用研究\CityLBM\src\Core\FluidX3DInterface.cs(1419,20): warning CS8603: 可能返回 null 引用。 [C:\Users\miaoshiyu\Documents\【citylbm】实验3：数字孪生应用研究\CityLBM\CityLBM.csproj]
C:\Users\miaoshiyu\Documents\【citylbm】实验3：数字孪生应用研究\CityLBM\src\Core\FluidX3DInterface.cs(1448,20): warning CS8603: 可能返回 null 引用。 [C:\Users\miaoshiyu\Documents\【citylbm】实验3：数字孪生应用研究\CityLBM\CityLBM.csproj]
C:\Users\miaoshiyu\Documents\【citylbm】实验3：数字孪生应用研究\CityLBM\src\Components\Results\VTKCloudVisualizationComponent.cs(1280,52): warning CS8603: 可能返回 null 引用。 [C:\Users\miaoshiyu\Documents\【citylbm】实验3：数字孪生应用研究\CityLBM\CityLBM.csproj]
C:\Users\miaoshiyu\Documents\【citylbm】实验3：数字孪生应用研究\CityLBM\src\Components\Results\VTKCloudVisualizationComponent.cs(1282,30): warning CS8600: 将 null 文本或可能的 null 值转换为不可为 null 类型。 [C:\Users\miaoshiyu\Documents\【citylbm】实验3：数字孪生应用研究\CityLBM\CityLBM.csproj]
C:\Users\miaoshiyu\Documents\【citylbm】实验3：数字孪生应用研究\CityLBM\src\Components\Results\VTKCloudVisualizationComponent.cs(1308,20): warning CS8603: 可能返回 null 引用。 [C:\Users\miaoshiyu\Documents\【citylbm】实验3：数字孪生应用研究\CityLBM\CityLBM.csproj]
C:\Users\miaoshiyu\Documents\【citylbm】实验3：数字孪生应用研究\CityLBM\src\Components\Results\VTKCloudVisualizationComponent.cs(1492,43): warning CS8603: 可能返回 null 引用。 [C:\Users\miaoshiyu\Documents\【citylbm】实验3：数字孪生应用研究\CityLBM\CityLBM.csproj]
C:\Users\miaoshiyu\Documents\【citylbm】实验3：数字孪生应用研究\CityLBM\src\Core\FluidX3DInterface.cs(2242,45): warning CS8600: 将 null 文本或可能的 null 值转换为不可为 null 类型。 [C:\Users\miaoshiyu\Documents\【citylbm】实验3：数字孪生应用研究\CityLBM\CityLBM.csproj]
  CityLBM -> C:\Users\miaoshiyu\Documents\【citylbm】实验3：数字孪生应用研究\CityLBM\bin\Release\CityLBM.dll
  已生成 CityLBM.gha
  ------------- IL Repack Arguments -------------
  /out:C:\Users\miaoshiyu\Documents\【citylbm】实验3：数字孪生应用研究\CityLBM\bin\Release\CityLBM.merged.dll C:\Users\miaoshiyu\Documents\【citylbm】实验3：数字孪生应用研究\CityLBM\bin\Release\CityLBM.dll C:\Users\miaoshiyu\.nuget\packages\newtonsoft.json\13.0.3\lib\netstandard2.0\Newtonsoft.Json.dll C:\Users\miaoshiyu\.nuget\packages\nlog\5.2.0\lib\netstandard2.0\NLog.dll /wildcards /parallel /union
  -----------------------------------------------
  Wrote C:\Users\miaoshiyu\Documents\【citylbm】实验3：数字孪生应用研究\CityLBM\bin\Release\CityLBM.merged.dll
  已合并依赖到 CityLBM.gha

已成功生成。

C:\Users\miaoshiyu\Documents\【citylbm】实验3：数字孪生应用研究\CityLBM\src\Core\FluidX3DInterface.cs(331,68): warning CS8625: 无法将 null 字面量转换为非 null 的引用类型。 [C:\Users\miaoshiyu\Documents\【citylbm】实验3：数字孪生应用研究\CityLBM\CityLBM.csproj]
C:\Users\miaoshiyu\Documents\【citylbm】实验3：数字孪生应用研究\CityLBM\src\Core\FluidX3DInterface.cs(388,58): warning CS8625: 无法将 null 字面量转换为非 null 的引用类型。 [C:\Users\miaoshiyu\Documents\【citylbm】实验3：数字孪生应用研究\CityLBM\CityLBM.csproj]
C:\Users\miaoshiyu\Documents\【citylbm】实验3：数字孪生应用研究\CityLBM\src\Core\FluidX3DInterface.cs(1053,96): warning CS8625: 无法将 null 字面量转换为非 null 的引用类型。 [C:\Users\miaoshiyu\Documents\【citylbm】实验3：数字孪生应用研究\CityLBM\CityLBM.csproj]
C:\Users\miaoshiyu\Documents\【citylbm】实验3：数字孪生应用研究\CityLBM\src\Core\FluidX3DInterface.cs(1149,125): warning CS8625: 无法将 null 字面量转换为非 null 的引用类型。 [C:\Users\miaoshiyu\Documents\【citylbm】实验3：数字孪生应用研究\CityLBM\CityLBM.csproj]
C:\Users\miaoshiyu\Documents\【citylbm】实验3：数字孪生应用研究\CityLBM\src\Core\FluidX3DInterface.cs(1161,96): warning CS8625: 无法将 null 字面量转换为非 null 的引用类型。 [C:\Users\miaoshiyu\Documents\【citylbm】实验3：数字孪生应用研究\CityLBM\CityLBM.csproj]
C:\Users\miaoshiyu\Documents\【citylbm】实验3：数字孪生应用研究\CityLBM\src\Core\FluidX3DInterface.cs(1234,95): warning CS8625: 无法将 null 字面量转换为非 null 的引用类型。 [C:\Users\miaoshiyu\Documents\【citylbm】实验3：数字孪生应用研究\CityLBM\CityLBM.csproj]
C:\Users\miaoshiyu\Documents\【citylbm】实验3：数字孪生应用研究\CityLBM\src\Components\Simulation\RunSimulationComponent.cs(47,16): warning CS8618: 在退出构造函数时，不可为 null 的 字段 "_cts" 必须包含非 null 值。请考虑添加 "required" 修饰符或将该 字段 声明为可为 null。 [C:\Users\miaoshiyu\Documents\【citylbm】实验3：数字孪生应用研究\CityLBM\CityLBM.csproj]
C:\Users\miaoshiyu\Documents\【citylbm】实验3：数字孪生应用研究\CityLBM\src\Components\Simulation\RunSimulationComponent.cs(47,16): warning CS8618: 在退出构造函数时，不可为 null 的 字段 "_asyncResult" 必须包含非 null 值。请考虑添加 "required" 修饰符或将该 字段 声明为可为 null。 [C:\Users\miaoshiyu\Documents\【citylbm】实验3：数字孪生应用研究\CityLBM\CityLBM.csproj]
C:\Users\miaoshiyu\Documents\【citylbm】实验3：数字孪生应用研究\CityLBM\src\Components\Simulation\RunSimulationComponent.cs(47,16): warning CS8618: 在退出构造函数时，不可为 null 的 字段 "_refreshTimer" 必须包含非 null 值。请考虑添加 "required" 修饰符或将该 字段 声明为可为 null。 [C:\Users\miaoshiyu\Documents\【citylbm】实验3：数字孪生应用研究\CityLBM\CityLBM.csproj]
C:\Users\miaoshiyu\Documents\【citylbm】实验3：数字孪生应用研究\CityLBM\src\Core\FluidX3DInterface.cs(2536,23): warning CS8618: 在退出构造函数时，不可为 null 的 属性 "CaseDirectory" 必须包含非 null 值。请考虑添加 "required" 修饰符或将该 属性 声明为可为 null。 [C:\Users\miaoshiyu\Documents\【citylbm】实验3：数字孪生应用研究\CityLBM\CityLBM.csproj]
C:\Users\miaoshiyu\Documents\【citylbm】实验3：数字孪生应用研究\CityLBM\src\Core\FluidX3DInterface.cs(2537,23): warning CS8618: 在退出构造函数时，不可为 null 的 属性 "Instructions" 必须包含非 null 值。请考虑添加 "required" 修饰符或将该 属性 声明为可为 null。 [C:\Users\miaoshiyu\Documents\【citylbm】实验3：数字孪生应用研究\CityLBM\CityLBM.csproj]
C:\Users\miaoshiyu\Documents\【citylbm】实验3：数字孪生应用研究\CityLBM\src\Core\FluidX3DInterface.cs(2538,23): warning CS8618: 在退出构造函数时，不可为 null 的 属性 "ErrorMessage" 必须包含非 null 值。请考虑添加 "required" 修饰符或将该 属性 声明为可为 null。 [C:\Users\miaoshiyu\Documents\【citylbm】实验3：数字孪生应用研究\CityLBM\CityLBM.csproj]
C:\Users\miaoshiyu\Documents\【citylbm】实验3：数字孪生应用研究\CityLBM\src\Core\FluidX3DInterface.cs(2545,23): warning CS8618: 在退出构造函数时，不可为 null 的 属性 "DeployMessage" 必须包含非 null 值。请考虑添加 "required" 修饰符或将该 属性 声明为可为 null。 [C:\Users\miaoshiyu\Documents\【citylbm】实验3：数字孪生应用研究\CityLBM\CityLBM.csproj]
C:\Users\miaoshiyu\Documents\【citylbm】实验3：数字孪生应用研究\CityLBM\src\Core\FluidX3DInterface.cs(2514,23): warning CS8618: 在退出构造函数时，不可为 null 的 属性 "CaseDirectory" 必须包含非 null 值。请考虑添加 "required" 修饰符或将该 属性 声明为可为 null。 [C:\Users\miaoshiyu\Documents\【citylbm】实验3：数字孪生应用研究\CityLBM\CityLBM.csproj]
C:\Users\miaoshiyu\Documents\【citylbm】实验3：数字孪生应用研究\CityLBM\src\Core\FluidX3DInterface.cs(2515,23): warning CS8618: 在退出构造函数时，不可为 null 的 属性 "Message" 必须包含非 null 值。请考虑添加 "required" 修饰符或将该 属性 声明为可为 null。 [C:\Users\miaoshiyu\Documents\【citylbm】实验3：数字孪生应用研究\CityLBM\CityLBM.csproj]
C:\Users\miaoshiyu\Documents\【citylbm】实验3：数字孪生应用研究\CityLBM\src\Core\FluidX3DInterface.cs(2516,23): warning CS8618: 在退出构造函数时，不可为 null 的 属性 "ErrorMessage" 必须包含非 null 值。请考虑添加 "required" 修饰符或将该 属性 声明为可为 null。 [C:\Users\miaoshiyu\Documents\【citylbm】实验3：数字孪生应用研究\CityLBM\CityLBM.csproj]
C:\Users\miaoshiyu\Documents\【citylbm】实验3：数字孪生应用研究\CityLBM\src\Core\GridGenerator.cs(282,29): warning CS8618: 在退出构造函数时，不可为 null 的 属性 "Flags" 必须包含非 null 值。请考虑添加 "required" 修饰符或将该 属性 声明为可为 null。 [C:\Users\miaoshiyu\Documents\【citylbm】实验3：数字孪生应用研究\CityLBM\CityLBM.csproj]
C:\Users\miaoshiyu\Documents\【citylbm】实验3：数字孪生应用研究\CityLBM\src\Core\FluidX3DInterface.cs(2525,23): warning CS8618: 在退出构造函数时，不可为 null 的 属性 "Log" 必须包含非 null 值。请考虑添加 "required" 修饰符或将该 属性 声明为可为 null。 [C:\Users\miaoshiyu\Documents\【citylbm】实验3：数字孪生应用研究\CityLBM\CityLBM.csproj]
C:\Users\miaoshiyu\Documents\【citylbm】实验3：数字孪生应用研究\CityLBM\src\Core\FluidX3DInterface.cs(2526,23): warning CS8618: 在退出构造函数时，不可为 null 的 属性 "ErrorMessage" 必须包含非 null 值。请考虑添加 "required" 修饰符或将该 属性 声明为可为 null。 [C:\Users\miaoshiyu\Documents\【citylbm】实验3：数字孪生应用研究\CityLBM\CityLBM.csproj]
C:\Users\miaoshiyu\Documents\【citylbm】实验3：数字孪生应用研究\CityLBM\src\Core\FluidX3DInterface.cs(2552,23): warning CS8618: 在退出构造函数时，不可为 null 的 属性 "CaseDirectory" 必须包含非 null 值。请考虑添加 "required" 修饰符或将该 属性 声明为可为 null。 [C:\Users\miaoshiyu\Documents\【citylbm】实验3：数字孪生应用研究\CityLBM\CityLBM.csproj]
C:\Users\miaoshiyu\Documents\【citylbm】实验3：数字孪生应用研究\CityLBM\src\Core\FluidX3DInterface.cs(2553,23): warning CS8618: 在退出构造函数时，不可为 null 的 属性 "OutputDirectory" 必须包含非 null 值。请考虑添加 "required" 修饰符或将该 属性 声明为可为 null。 [C:\Users\miaoshiyu\Documents\【citylbm】实验3：数字孪生应用研究\CityLBM\CityLBM.csproj]
C:\Users\miaoshiyu\Documents\【citylbm】实验3：数字孪生应用研究\CityLBM\src\Core\FluidX3DInterface.cs(2555,23): warning CS8618: 在退出构造函数时，不可为 null 的 属性 "ErrorMessage" 必须包含非 null 值。请考虑添加 "required" 修饰符或将该 属性 声明为可为 null。 [C:\Users\miaoshiyu\Documents\【citylbm】实验3：数字孪生应用研究\CityLBM\CityLBM.csproj]
C:\Users\miaoshiyu\Documents\【citylbm】实验3：数字孪生应用研究\CityLBM\src\Core\FluidX3DInterface.cs(2556,23): warning CS8618: 在退出构造函数时，不可为 null 的 属性 "Log" 必须包含非 null 值。请考虑添加 "required" 修饰符或将该 属性 声明为可为 null。 [C:\Users\miaoshiyu\Documents\【citylbm】实验3：数字孪生应用研究\CityLBM\CityLBM.csproj]
C:\Users\miaoshiyu\Documents\【citylbm】实验3：数字孪生应用研究\CityLBM\src\Core\FluidX3DInterface.cs(48,16): warning CS8618: 在退出构造函数时，不可为 null 的 属性 "LastCaseDirectory" 必须包含非 null 值。请考虑添加 "required" 修饰符或将该 属性 声明为可为 null。 [C:\Users\miaoshiyu\Documents\【citylbm】实验3：数字孪生应用研究\CityLBM\CityLBM.csproj]
C:\Users\miaoshiyu\Documents\【citylbm】实验3：数字孪生应用研究\CityLBM\src\Core\FluidX3DInterface.cs(48,16): warning CS8618: 在退出构造函数时，不可为 null 的 属性 "BuildLog" 必须包含非 null 值。请考虑添加 "required" 修饰符或将该 属性 声明为可为 null。 [C:\Users\miaoshiyu\Documents\【citylbm】实验3：数字孪生应用研究\CityLBM\CityLBM.csproj]
C:\Users\miaoshiyu\Documents\【citylbm】实验3：数字孪生应用研究\CityLBM\src\Core\FluidX3DInterface.cs(2565,23): warning CS8618: 在退出构造函数时，不可为 null 的 属性 "FilePath" 必须包含非 null 值。请考虑添加 "required" 修饰符或将该 属性 声明为可为 null。 [C:\Users\miaoshiyu\Documents\【citylbm】实验3：数字孪生应用研究\CityLBM\CityLBM.csproj]
C:\Users\miaoshiyu\Documents\【citylbm】实验3：数字孪生应用研究\CityLBM\src\Core\FluidX3DInterface.cs(2567,30): warning CS8618: 在退出构造函数时，不可为 null 的 属性 "Points" 必须包含非 null 值。请考虑添加 "required" 修饰符或将该 属性 声明为可为 null。 [C:\Users\miaoshiyu\Documents\【citylbm】实验3：数字孪生应用研究\CityLBM\CityLBM.csproj]
C:\Users\miaoshiyu\Documents\【citylbm】实验3：数字孪生应用研究\CityLBM\src\Core\FluidX3DInterface.cs(2568,31): warning CS8618: 在退出构造函数时，不可为 null 的 属性 "Velocities" 必须包含非 null 值。请考虑添加 "required" 修饰符或将该 属性 声明为可为 null。 [C:\Users\miaoshiyu\Documents\【citylbm】实验3：数字孪生应用研究\CityLBM\CityLBM.csproj]
C:\Users\miaoshiyu\Documents\【citylbm】实验3：数字孪生应用研究\CityLBM\src\Components\SceneMgmt\SceneInfoComponent.cs(42,32): warning CS8600: 将 null 文本或可能的 null 值转换为不可为 null 类型。 [C:\Users\miaoshiyu\Documents\【citylbm】实验3：数字孪生应用研究\CityLBM\CityLBM.csproj]
C:\Users\miaoshiyu\Documents\【citylbm】实验3：数字孪生应用研究\CityLBM\src\Components\SceneMgmt\SceneInfoComponent.cs(43,36): warning CS8600: 将 null 文本或可能的 null 值转换为不可为 null 类型。 [C:\Users\miaoshiyu\Documents\【citylbm】实验3：数字孪生应用研究\CityLBM\CityLBM.csproj]
C:\Users\miaoshiyu\Documents\【citylbm】实验3：数字孪生应用研究\CityLBM\src\Components\SceneMgmt\SceneInfoComponent.cs(88,24): warning CS8603: 可能返回 null 引用。 [C:\Users\miaoshiyu\Documents\【citylbm】实验3：数字孪生应用研究\CityLBM\CityLBM.csproj]
C:\Users\miaoshiyu\Documents\【citylbm】实验3：数字孪生应用研究\CityLBM\src\Components\SceneMgmt\CreateSceneComponent.cs(81,24): warning CS8603: 可能返回 null 引用。 [C:\Users\miaoshiyu\Documents\【citylbm】实验3：数字孪生应用研究\CityLBM\CityLBM.csproj]
C:\Users\miaoshiyu\Documents\【citylbm】实验3：数字孪生应用研究\CityLBM\src\Components\Simulation\GridGeneratorComponent.cs(37,32): warning CS8600: 将 null 文本或可能的 null 值转换为不可为 null 类型。 [C:\Users\miaoshiyu\Documents\【citylbm】实验3：数字孪生应用研究\CityLBM\CityLBM.csproj]
C:\Users\miaoshiyu\Documents\【citylbm】实验3：数字孪生应用研究\CityLBM\src\Components\Simulation\GridGeneratorComponent.cs(40,36): warning CS8600: 将 null 文本或可能的 null 值转换为不可为 null 类型。 [C:\Users\miaoshiyu\Documents\【citylbm】实验3：数字孪生应用研究\CityLBM\CityLBM.csproj]
C:\Users\miaoshiyu\Documents\【citylbm】实验3：数字孪生应用研究\CityLBM\src\Components\Simulation\GridGeneratorComponent.cs(72,26): warning CS8603: 可能返回 null 引用。 [C:\Users\miaoshiyu\Documents\【citylbm】实验3：数字孪生应用研究\CityLBM\CityLBM.csproj]
C:\Users\miaoshiyu\Documents\【citylbm】实验3：数字孪生应用研究\CityLBM\src\Core\FluidX3DInterface.cs(2481,23): warning CS8600: 将 null 文本或可能的 null 值转换为不可为 null 类型。 [C:\Users\miaoshiyu\Documents\【citylbm】实验3：数字孪生应用研究\CityLBM\CityLBM.csproj]
C:\Users\miaoshiyu\Documents\【citylbm】实验3：数字孪生应用研究\CityLBM\src\Core\Scene.cs(153,20): warning CS0219: 变量“totalVolume”已被赋值，但从未使用过它的值 [C:\Users\miaoshiyu\Documents\【citylbm】实验3：数字孪生应用研究\CityLBM\CityLBM.csproj]
C:\Users\miaoshiyu\Documents\【citylbm】实验3：数字孪生应用研究\CityLBM\src\Components\SceneMgmt\AddBuildingsComponent.cs(38,32): warning CS8600: 将 null 文本或可能的 null 值转换为不可为 null 类型。 [C:\Users\miaoshiyu\Documents\【citylbm】实验3：数字孪生应用研究\CityLBM\CityLBM.csproj]
C:\Users\miaoshiyu\Documents\【citylbm】实验3：数字孪生应用研究\CityLBM\src\Components\SceneMgmt\AddBuildingsComponent.cs(39,36): warning CS8600: 将 null 文本或可能的 null 值转换为不可为 null 类型。 [C:\Users\miaoshiyu\Documents\【citylbm】实验3：数字孪生应用研究\CityLBM\CityLBM.csproj]
C:\Users\miaoshiyu\Documents\【citylbm】实验3：数字孪生应用研究\CityLBM\src\Components\SceneMgmt\AddBuildingsComponent.cs(53,34): warning CS8600: 将 null 文本或可能的 null 值转换为不可为 null 类型。 [C:\Users\miaoshiyu\Documents\【citylbm】实验3：数字孪生应用研究\CityLBM\CityLBM.csproj]
C:\Users\miaoshiyu\Documents\【citylbm】实验3：数字孪生应用研究\CityLBM\src\Components\SceneMgmt\AddBuildingsComponent.cs(54,39): warning CS8600: 将 null 文本或可能的 null 值转换为不可为 null 类型。 [C:\Users\miaoshiyu\Documents\【citylbm】实验3：数字孪生应用研究\CityLBM\CityLBM.csproj]
C:\Users\miaoshiyu\Documents\【citylbm】实验3：数字孪生应用研究\CityLBM\src\Components\SceneMgmt\AddBuildingsComponent.cs(95,24): warning CS8603: 可能返回 null 引用。 [C:\Users\miaoshiyu\Documents\【citylbm】实验3：数字孪生应用研究\CityLBM\CityLBM.csproj]
C:\Users\miaoshiyu\Documents\【citylbm】实验3：数字孪生应用研究\CityLBM\src\Components\Results\VelocityVisualizationComponent.cs(219,26): warning CS8603: 可能返回 null 引用。 [C:\Users\miaoshiyu\Documents\【citylbm】实验3：数字孪生应用研究\CityLBM\CityLBM.csproj]
C:\Users\miaoshiyu\Documents\【citylbm】实验3：数字孪生应用研究\CityLBM\src\Components\Results\ReadVTKComponent.cs(177,35): warning CS8600: 将 null 文本或可能的 null 值转换为不可为 null 类型。 [C:\Users\miaoshiyu\Documents\【citylbm】实验3：数字孪生应用研究\CityLBM\CityLBM.csproj]
C:\Users\miaoshiyu\Documents\【citylbm】实验3：数字孪生应用研究\CityLBM\src\Components\Results\SimulationStatsComponent.cs(337,43): warning CS8603: 可能返回 null 引用。 [C:\Users\miaoshiyu\Documents\【citylbm】实验3：数字孪生应用研究\CityLBM\CityLBM.csproj]
C:\Users\miaoshiyu\Documents\【citylbm】实验3：数字孪生应用研究\CityLBM\src\Components\Results\ReadVTKComponent.cs(331,32): warning CS8600: 将 null 文本或可能的 null 值转换为不可为 null 类型。 [C:\Users\miaoshiyu\Documents\【citylbm】实验3：数字孪生应用研究\CityLBM\CityLBM.csproj]
C:\Users\miaoshiyu\Documents\【citylbm】实验3：数字孪生应用研究\CityLBM\src\Components\Results\ReadVTKComponent.cs(332,32): warning CS8600: 将 null 文本或可能的 null 值转换为不可为 null 类型。 [C:\Users\miaoshiyu\Documents\【citylbm】实验3：数字孪生应用研究\CityLBM\CityLBM.csproj]
C:\Users\miaoshiyu\Documents\【citylbm】实验3：数字孪生应用研究\CityLBM\src\Components\Simulation\RunSimulationComponent.cs(124,32): warning CS8600: 将 null 文本或可能的 null 值转换为不可为 null 类型。 [C:\Users\miaoshiyu\Documents\【citylbm】实验3：数字孪生应用研究\CityLBM\CityLBM.csproj]
C:\Users\miaoshiyu\Documents\【citylbm】实验3：数字孪生应用研究\CityLBM\src\Components\Simulation\RunSimulationComponent.cs(125,39): warning CS8600: 将 null 文本或可能的 null 值转换为不可为 null 类型。 [C:\Users\miaoshiyu\Documents\【citylbm】实验3：数字孪生应用研究\CityLBM\CityLBM.csproj]
C:\Users\miaoshiyu\Documents\【citylbm】实验3：数字孪生应用研究\CityLBM\src\Components\Simulation\RunSimulationComponent.cs(140,36): warning CS8600: 将 null 文本或可能的 null 值转换为不可为 null 类型。 [C:\Users\miaoshiyu\Documents\【citylbm】实验3：数字孪生应用研究\CityLBM\CityLBM.csproj]
C:\Users\miaoshiyu\Documents\【citylbm】实验3：数字孪生应用研究\CityLBM\src\Components\Simulation\RunSimulationComponent.cs(141,36): warning CS8600: 将 null 文本或可能的 null 值转换为不可为 null 类型。 [C:\Users\miaoshiyu\Documents\【citylbm】实验3：数字孪生应用研究\CityLBM\CityLBM.csproj]
C:\Users\miaoshiyu\Documents\【citylbm】实验3：数字孪生应用研究\CityLBM\src\Components\Results\SliceVisualizationComponent.cs(346,26): warning CS8603: 可能返回 null 引用。 [C:\Users\miaoshiyu\Documents\【citylbm】实验3：数字孪生应用研究\CityLBM\CityLBM.csproj]
C:\Users\miaoshiyu\Documents\【citylbm】实验3：数字孪生应用研究\CityLBM\src\Components\Results\VTKCloudVisualizationComponent.cs(178,35): warning CS8600: 将 null 文本或可能的 null 值转换为不可为 null 类型。 [C:\Users\miaoshiyu\Documents\【citylbm】实验3：数字孪生应用研究\CityLBM\CityLBM.csproj]
C:\Users\miaoshiyu\Documents\【citylbm】实验3：数字孪生应用研究\CityLBM\src\Components\Results\ReadVTKComponent.cs(428,52): warning CS8600: 将 null 文本或可能的 null 值转换为不可为 null 类型。 [C:\Users\miaoshiyu\Documents\【citylbm】实验3：数字孪生应用研究\CityLBM\CityLBM.csproj]
C:\Users\miaoshiyu\Documents\【citylbm】实验3：数字孪生应用研究\CityLBM\src\Components\Results\ReadVTKComponent.cs(433,33): warning CS8600: 将 null 文本或可能的 null 值转换为不可为 null 类型。 [C:\Users\miaoshiyu\Documents\【citylbm】实验3：数字孪生应用研究\CityLBM\CityLBM.csproj]
C:\Users\miaoshiyu\Documents\【citylbm】实验3：数字孪生应用研究\CityLBM\src\Components\Results\ReadVTKComponent.cs(434,33): warning CS8600: 将 null 文本或可能的 null 值转换为不可为 null 类型。 [C:\Users\miaoshiyu\Documents\【citylbm】实验3：数字孪生应用研究\CityLBM\CityLBM.csproj]
C:\Users\miaoshiyu\Documents\【citylbm】实验3：数字孪生应用研究\CityLBM\src\Components\Results\ReadVTKComponent.cs(435,33): warning CS8600: 将 null 文本或可能的 null 值转换为不可为 null 类型。 [C:\Users\miaoshiyu\Documents\【citylbm】实验3：数字孪生应用研究\CityLBM\CityLBM.csproj]
C:\Users\miaoshiyu\Documents\【citylbm】实验3：数字孪生应用研究\CityLBM\src\Components\Results\ReadVTKComponent.cs(477,92): warning CS8602: 解引用可能出现空引用。 [C:\Users\miaoshiyu\Documents\【citylbm】实验3：数字孪生应用研究\CityLBM\CityLBM.csproj]
C:\Users\miaoshiyu\Documents\【citylbm】实验3：数字孪生应用研究\CityLBM\src\Components\Results\ReadVTKComponent.cs(491,92): warning CS8602: 解引用可能出现空引用。 [C:\Users\miaoshiyu\Documents\【citylbm】实验3：数字孪生应用研究\CityLBM\CityLBM.csproj]
C:\Users\miaoshiyu\Documents\【citylbm】实验3：数字孪生应用研究\CityLBM\src\Components\Results\ReadVTKComponent.cs(511,45): warning CS8625: 无法将 null 字面量转换为非 null 的引用类型。 [C:\Users\miaoshiyu\Documents\【citylbm】实验3：数字孪生应用研究\CityLBM\CityLBM.csproj]
C:\Users\miaoshiyu\Documents\【citylbm】实验3：数字孪生应用研究\CityLBM\src\Components\Results\ReadVTKComponent.cs(525,72): warning CS8604: “List<int> ReadVTKComponent.GenerateStructuredPoints(VTKResult result, int[] dims, float[] org, float[] spc, int step)”中的形参“org”可能传入 null 引用实参。 [C:\Users\miaoshiyu\Documents\【citylbm】实验3：数字孪生应用研究\CityLBM\CityLBM.csproj]
C:\Users\miaoshiyu\Documents\【citylbm】实验3：数字孪生应用研究\CityLBM\src\Components\Results\ReadVTKComponent.cs(525,77): warning CS8604: “List<int> ReadVTKComponent.GenerateStructuredPoints(VTKResult result, int[] dims, float[] org, float[] spc, int step)”中的形参“spc”可能传入 null 引用实参。 [C:\Users\miaoshiyu\Documents\【citylbm】实验3：数字孪生应用研究\CityLBM\CityLBM.csproj]
C:\Users\miaoshiyu\Documents\【citylbm】实验3：数字孪生应用研究\CityLBM\src\Components\Results\ReadVTKComponent.cs(590,33): warning CS8602: 解引用可能出现空引用。 [C:\Users\miaoshiyu\Documents\【citylbm】实验3：数字孪生应用研究\CityLBM\CityLBM.csproj]
C:\Users\miaoshiyu\Documents\【citylbm】实验3：数字孪生应用研究\CityLBM\src\Components\Results\ReadVTKComponent.cs(609,33): warning CS8602: 解引用可能出现空引用。 [C:\Users\miaoshiyu\Documents\【citylbm】实验3：数字孪生应用研究\CityLBM\CityLBM.csproj]
C:\Users\miaoshiyu\Documents\【citylbm】实验3：数字孪生应用研究\CityLBM\src\Components\Results\ReadVTKComponent.cs(627,33): warning CS8602: 解引用可能出现空引用。 [C:\Users\miaoshiyu\Documents\【citylbm】实验3：数字孪生应用研究\CityLBM\CityLBM.csproj]
C:\Users\miaoshiyu\Documents\【citylbm】实验3：数字孪生应用研究\CityLBM\src\Components\Results\ReadVTKComponent.cs(640,64): warning CS8604: “List<int> ReadVTKComponent.GenerateStructuredPoints(VTKResult result, int[] dims, float[] org, float[] spc, int step)”中的形参“org”可能传入 null 引用实参。 [C:\Users\miaoshiyu\Documents\【citylbm】实验3：数字孪生应用研究\CityLBM\CityLBM.csproj]
C:\Users\miaoshiyu\Documents\【citylbm】实验3：数字孪生应用研究\CityLBM\src\Components\Results\ReadVTKComponent.cs(640,69): warning CS8604: “List<int> ReadVTKComponent.GenerateStructuredPoints(VTKResult result, int[] dims, float[] org, float[] spc, int step)”中的形参“spc”可能传入 null 引用实参。 [C:\Users\miaoshiyu\Documents\【citylbm】实验3：数字孪生应用研究\CityLBM\CityLBM.csproj]
C:\Users\miaoshiyu\Documents\【citylbm】实验3：数字孪生应用研究\CityLBM\src\Components\Simulation\RunSimulationComponent.cs(436,28): warning CS8625: 无法将 null 字面量转换为非 null 的引用类型。 [C:\Users\miaoshiyu\Documents\【citylbm】实验3：数字孪生应用研究\CityLBM\CityLBM.csproj]
C:\Users\miaoshiyu\Documents\【citylbm】实验3：数字孪生应用研究\CityLBM\src\Components\Simulation\RunSimulationComponent.cs(586,33): warning CS8625: 无法将 null 字面量转换为非 null 的引用类型。 [C:\Users\miaoshiyu\Documents\【citylbm】实验3：数字孪生应用研究\CityLBM\CityLBM.csproj]
C:\Users\miaoshiyu\Documents\【citylbm】实验3：数字孪生应用研究\CityLBM\src\Components\Simulation\RunSimulationComponent.cs(656,43): warning CS8603: 可能返回 null 引用。 [C:\Users\miaoshiyu\Documents\【citylbm】实验3：数字孪生应用研究\CityLBM\CityLBM.csproj]
C:\Users\miaoshiyu\Documents\【citylbm】实验3：数字孪生应用研究\CityLBM\src\Components\Results\ReadVTKComponent.cs(805,40): warning CS8600: 将 null 文本或可能的 null 值转换为不可为 null 类型。 [C:\Users\miaoshiyu\Documents\【citylbm】实验3：数字孪生应用研究\CityLBM\CityLBM.csproj]
C:\Users\miaoshiyu\Documents\【citylbm】实验3：数字孪生应用研究\CityLBM\src\Components\Results\ReadVTKComponent.cs(914,44): warning CS8604: “List<double> Dictionary<string, List<double>>.this[string key]”中的形参“key”可能传入 null 引用实参。 [C:\Users\miaoshiyu\Documents\【citylbm】实验3：数字孪生应用研究\CityLBM\CityLBM.csproj]
C:\Users\miaoshiyu\Documents\【citylbm】实验3：数字孪生应用研究\CityLBM\src\Components\Results\ReadVTKComponent.cs(950,40): warning CS8604: “List<double> Dictionary<string, List<double>>.this[string key]”中的形参“key”可能传入 null 引用实参。 [C:\Users\miaoshiyu\Documents\【citylbm】实验3：数字孪生应用研究\CityLBM\CityLBM.csproj]
C:\Users\miaoshiyu\Documents\【citylbm】实验3：数字孪生应用研究\CityLBM\src\Components\Results\ReadVTKComponent.cs(722,17): warning CS0219: 变量“currentSectionStart”已被赋值，但从未使用过它的值 [C:\Users\miaoshiyu\Documents\【citylbm】实验3：数字孪生应用研究\CityLBM\CityLBM.csproj]
C:\Users\miaoshiyu\Documents\【citylbm】实验3：数字孪生应用研究\CityLBM\src\Components\Results\ReadVTKComponent.cs(1032,24): warning CS8603: 可能返回 null 引用。 [C:\Users\miaoshiyu\Documents\【citylbm】实验3：数字孪生应用研究\CityLBM\CityLBM.csproj]
C:\Users\miaoshiyu\Documents\【citylbm】实验3：数字孪生应用研究\CityLBM\src\Components\Results\ReadVTKComponent.cs(1034,30): warning CS8600: 将 null 文本或可能的 null 值转换为不可为 null 类型。 [C:\Users\miaoshiyu\Documents\【citylbm】实验3：数字孪生应用研究\CityLBM\CityLBM.csproj]
C:\Users\miaoshiyu\Documents\【citylbm】实验3：数字孪生应用研究\CityLBM\src\Components\Results\ReadVTKComponent.cs(1064,20): warning CS8603: 可能返回 null 引用。 [C:\Users\miaoshiyu\Documents\【citylbm】实验3：数字孪生应用研究\CityLBM\CityLBM.csproj]
C:\Users\miaoshiyu\Documents\【citylbm】实验3：数字孪生应用研究\CityLBM\src\Components\Results\ReadVTKComponent.cs(1104,43): warning CS8603: 可能返回 null 引用。 [C:\Users\miaoshiyu\Documents\【citylbm】实验3：数字孪生应用研究\CityLBM\CityLBM.csproj]
C:\Users\miaoshiyu\Documents\【citylbm】实验3：数字孪生应用研究\CityLBM\src\Core\FluidX3DInterface.cs(1152,65): warning CS8604: “BuildResult FluidX3DInterface.BuildWithMinGW(string sourceDir, Action<string> progressCallback = null)”中的形参“progressCallback”可能传入 null 引用实参。 [C:\Users\miaoshiyu\Documents\【citylbm】实验3：数字孪生应用研究\CityLBM\CityLBM.csproj]
C:\Users\miaoshiyu\Documents\【citylbm】实验3：数字孪生应用研究\CityLBM\src\Components\Results\VTKCloudVisualizationComponent.cs(876,30): warning CS8600: 将 null 文本或可能的 null 值转换为不可为 null 类型。 [C:\Users\miaoshiyu\Documents\【citylbm】实验3：数字孪生应用研究\CityLBM\CityLBM.csproj]
C:\Users\miaoshiyu\Documents\【citylbm】实验3：数字孪生应用研究\CityLBM\src\Components\Results\VTKCloudVisualizationComponent.cs(877,31): warning CS8600: 将 null 文本或可能的 null 值转换为不可为 null 类型。 [C:\Users\miaoshiyu\Documents\【citylbm】实验3：数字孪生应用研究\CityLBM\CityLBM.csproj]
C:\Users\miaoshiyu\Documents\【citylbm】实验3：数字孪生应用研究\CityLBM\src\Components\Results\VTKCloudVisualizationComponent.cs(878,31): warning CS8600: 将 null 文本或可能的 null 值转换为不可为 null 类型。 [C:\Users\miaoshiyu\Documents\【citylbm】实验3：数字孪生应用研究\CityLBM\CityLBM.csproj]
C:\Users\miaoshiyu\Documents\【citylbm】实验3：数字孪生应用研究\CityLBM\src\Components\Results\VTKCloudVisualizationComponent.cs(914,150): warning CS8602: 解引用可能出现空引用。 [C:\Users\miaoshiyu\Documents\【citylbm】实验3：数字孪生应用研究\CityLBM\CityLBM.csproj]
C:\Users\miaoshiyu\Documents\【citylbm】实验3：数字孪生应用研究\CityLBM\src\Components\Results\VTKCloudVisualizationComponent.cs(925,150): warning CS8602: 解引用可能出现空引用。 [C:\Users\miaoshiyu\Documents\【citylbm】实验3：数字孪生应用研究\CityLBM\CityLBM.csproj]
C:\Users\miaoshiyu\Documents\【citylbm】实验3：数字孪生应用研究\CityLBM\src\Components\Results\VTKCloudVisualizationComponent.cs(946,68): warning CS8604: “List<int> VTKCloudVisualizationComponent.GenerateStructuredPoints(VTKResultData result, int[] dims, float[] org, float[] spc, int step)”中的形参“org”可能传入 null 引用实参。 [C:\Users\miaoshiyu\Documents\【citylbm】实验3：数字孪生应用研究\CityLBM\CityLBM.csproj]
C:\Users\miaoshiyu\Documents\【citylbm】实验3：数字孪生应用研究\CityLBM\src\Components\Results\VTKCloudVisualizationComponent.cs(946,73): warning CS8604: “List<int> VTKCloudVisualizationComponent.GenerateStructuredPoints(VTKResultData result, int[] dims, float[] org, float[] spc, int step)”中的形参“spc”可能传入 null 引用实参。 [C:\Users\miaoshiyu\Documents\【citylbm】实验3：数字孪生应用研究\CityLBM\CityLBM.csproj]
C:\Users\miaoshiyu\Documents\【citylbm】实验3：数字孪生应用研究\CityLBM\src\Components\Results\VTKCloudVisualizationComponent.cs(1017,60): warning CS8604: “List<int> VTKCloudVisualizationComponent.GenerateStructuredPoints(VTKResultData result, int[] dims, float[] org, float[] spc, int step)”中的形参“org”可能传入 null 引用实参。 [C:\Users\miaoshiyu\Documents\【citylbm】实验3：数字孪生应用研究\CityLBM\CityLBM.csproj]
C:\Users\miaoshiyu\Documents\【citylbm】实验3：数字孪生应用研究\CityLBM\src\Components\Results\VTKCloudVisualizationComponent.cs(1017,65): warning CS8604: “List<int> VTKCloudVisualizationComponent.GenerateStructuredPoints(VTKResultData result, int[] dims, float[] org, float[] spc, int step)”中的形参“spc”可能传入 null 引用实参。 [C:\Users\miaoshiyu\Documents\【citylbm】实验3：数字孪生应用研究\CityLBM\CityLBM.csproj]
C:\Users\miaoshiyu\Documents\【citylbm】实验3：数字孪生应用研究\CityLBM\src\Core\FluidX3DInterface.cs(1382,20): warning CS8603: 可能返回 null 引用。 [C:\Users\miaoshiyu\Documents\【citylbm】实验3：数字孪生应用研究\CityLBM\CityLBM.csproj]
C:\Users\miaoshiyu\Documents\【citylbm】实验3：数字孪生应用研究\CityLBM\src\Components\Results\VTKCloudVisualizationComponent.cs(1134,40): warning CS8600: 将 null 文本或可能的 null 值转换为不可为 null 类型。 [C:\Users\miaoshiyu\Documents\【citylbm】实验3：数字孪生应用研究\CityLBM\CityLBM.csproj]
C:\Users\miaoshiyu\Documents\【citylbm】实验3：数字孪生应用研究\CityLBM\src\Core\FluidX3DInterface.cs(1419,20): warning CS8603: 可能返回 null 引用。 [C:\Users\miaoshiyu\Documents\【citylbm】实验3：数字孪生应用研究\CityLBM\CityLBM.csproj]
C:\Users\miaoshiyu\Documents\【citylbm】实验3：数字孪生应用研究\CityLBM\src\Core\FluidX3DInterface.cs(1448,20): warning CS8603: 可能返回 null 引用。 [C:\Users\miaoshiyu\Documents\【citylbm】实验3：数字孪生应用研究\CityLBM\CityLBM.csproj]
C:\Users\miaoshiyu\Documents\【citylbm】实验3：数字孪生应用研究\CityLBM\src\Components\Results\VTKCloudVisualizationComponent.cs(1280,52): warning CS8603: 可能返回 null 引用。 [C:\Users\miaoshiyu\Documents\【citylbm】实验3：数字孪生应用研究\CityLBM\CityLBM.csproj]
C:\Users\miaoshiyu\Documents\【citylbm】实验3：数字孪生应用研究\CityLBM\src\Components\Results\VTKCloudVisualizationComponent.cs(1282,30): warning CS8600: 将 null 文本或可能的 null 值转换为不可为 null 类型。 [C:\Users\miaoshiyu\Documents\【citylbm】实验3：数字孪生应用研究\CityLBM\CityLBM.csproj]
C:\Users\miaoshiyu\Documents\【citylbm】实验3：数字孪生应用研究\CityLBM\src\Components\Results\VTKCloudVisualizationComponent.cs(1308,20): warning CS8603: 可能返回 null 引用。 [C:\Users\miaoshiyu\Documents\【citylbm】实验3：数字孪生应用研究\CityLBM\CityLBM.csproj]
C:\Users\miaoshiyu\Documents\【citylbm】实验3：数字孪生应用研究\CityLBM\src\Components\Results\VTKCloudVisualizationComponent.cs(1492,43): warning CS8603: 可能返回 null 引用。 [C:\Users\miaoshiyu\Documents\【citylbm】实验3：数字孪生应用研究\CityLBM\CityLBM.csproj]
C:\Users\miaoshiyu\Documents\【citylbm】实验3：数字孪生应用研究\CityLBM\src\Core\FluidX3DInterface.cs(2242,45): warning CS8600: 将 null 文本或可能的 null 值转换为不可为 null 类型。 [C:\Users\miaoshiyu\Documents\【citylbm】实验3：数字孪生应用研究\CityLBM\CityLBM.csproj]
    97 个警告
    0 个错误

已用时间 00:00:06.88
